::ffff:117.97.224.156 - - [18/Apr/2020:09:44:12 +0000] "GET /web_assets/assets/img/green-img/icon-green-4.png HTTP/1.1" 304 - "http://13.58.125.166:3000/" "Mozilla/5.0 (Windows NT 10.0; Win64; x64) AppleWebKit/537.36 (KHTML, like Gecko) Chrome/81.0.4044.92 Safari/537.36"
::ffff:117.97.224.156 - - [18/Apr/2020:09:44:12 +0000] "GET /web_assets/assets/css/ajax-loader.gif HTTP/1.1" 404 176 "http://13.58.125.166:3000/web_assets/assets/css/slick-theme.css" "Mozilla/5.0 (Windows NT 10.0; Win64; x64) AppleWebKit/537.36 (KHTML, like Gecko) Chrome/81.0.4044.92 Safari/537.36"
::ffff:117.97.224.156 - - [18/Apr/2020:09:44:13 +0000] "GET /web_assets/assets/css/fonts/slick.ttf HTTP/1.1" 404 176 "http://13.58.125.166:3000/web_assets/assets/css/slick-theme.css" "Mozilla/5.0 (Windows NT 10.0; Win64; x64) AppleWebKit/537.36 (KHTML, like Gecko) Chrome/81.0.4044.92 Safari/537.36"
::ffff:117.97.224.156 - - [18/Apr/2020:09:44:47 +0000] "GET /insurance/1 HTTP/1.1" 304 - "http://13.58.125.166:3000/" "Mozilla/5.0 (Windows NT 10.0; Win64; x64) AppleWebKit/537.36 (KHTML, like Gecko) Chrome/81.0.4044.92 Safari/537.36"
::ffff:117.97.224.156 - - [18/Apr/2020:09:44:47 +0000] "GET /web_assets/assets/css/bootstrap.min.css HTTP/1.1" 304 - "http://13.58.125.166:3000/insurance/1" "Mozilla/5.0 (Windows NT 10.0; Win64; x64) AppleWebKit/537.36 (KHTML, like Gecko) Chrome/81.0.4044.92 Safari/537.36"
::ffff:117.97.224.156 - - [18/Apr/2020:09:44:47 +0000] "GET /web_assets/assets/css/slick.css HTTP/1.1" 304 - "http://13.58.125.166:3000/insurance/1" "Mozilla/5.0 (Windows NT 10.0; Win64; x64) AppleWebKit/537.36 (KHTML, like Gecko) Chrome/81.0.4044.92 Safari/537.36"
::ffff:117.97.224.156 - - [18/Apr/2020:09:44:48 +0000] "GET /web_assets/assets/fonts/fonts.css HTTP/1.1" 304 - "http://13.58.125.166:3000/insurance/1" "Mozilla/5.0 (Windows NT 10.0; Win64; x64) AppleWebKit/537.36 (KHTML, like Gecko) Chrome/81.0.4044.92 Safari/537.36"
::ffff:117.97.224.156 - - [18/Apr/2020:09:44:48 +0000] "GET /web_assets/assets/css/slick-theme.css HTTP/1.1" 304 - "http://13.58.125.166:3000/insurance/1" "Mozilla/5.0 (Windows NT 10.0; Win64; x64) AppleWebKit/537.36 (KHTML, like Gecko) Chrome/81.0.4044.92 Safari/537.36"
::ffff:117.97.224.156 - - [18/Apr/2020:09:44:48 +0000] "GET /web_assets/assets/css/custom-2.css HTTP/1.1" 304 - "http://13.58.125.166:3000/insurance/1" "Mozilla/5.0 (Windows NT 10.0; Win64; x64) AppleWebKit/537.36 (KHTML, like Gecko) Chrome/81.0.4044.92 Safari/537.36"
::ffff:117.97.224.156 - - [18/Apr/2020:09:44:48 +0000] "GET /web_assets/assets/css/material-form.css HTTP/1.1" 304 - "http://13.58.125.166:3000/insurance/1" "Mozilla/5.0 (Windows NT 10.0; Win64; x64) AppleWebKit/537.36 (KHTML, like Gecko) Chrome/81.0.4044.92 Safari/537.36"
::ffff:117.97.224.156 - - [18/Apr/2020:09:44:48 +0000] "GET /web_assets/assets/css/responsive.css HTTP/1.1" 304 - "http://13.58.125.166:3000/insurance/1" "Mozilla/5.0 (Windows NT 10.0; Win64; x64) AppleWebKit/537.36 (KHTML, like Gecko) Chrome/81.0.4044.92 Safari/537.36"
::ffff:117.97.224.156 - - [18/Apr/2020:09:44:48 +0000] "GET /web_assets/assets/js/jquery-1.9.1.min.js HTTP/1.1" 304 - "http://13.58.125.166:3000/insurance/1" "Mozilla/5.0 (Windows NT 10.0; Win64; x64) AppleWebKit/537.36 (KHTML, like Gecko) Chrome/81.0.4044.92 Safari/537.36"
::ffff:117.97.224.156 - - [18/Apr/2020:09:44:48 +0000] "GET /web_assets/assets/js/slick.min.js HTTP/1.1" 304 - "http://13.58.125.166:3000/insurance/1" "Mozilla/5.0 (Windows NT 10.0; Win64; x64) AppleWebKit/537.36 (KHTML, like Gecko) Chrome/81.0.4044.92 Safari/537.36"
::ffff:117.97.224.156 - - [18/Apr/2020:09:44:48 +0000] "GET /web_assets/assets/js/bootstrap.min.js HTTP/1.1" 304 - "http://13.58.125.166:3000/insurance/1" "Mozilla/5.0 (Windows NT 10.0; Win64; x64) AppleWebKit/537.36 (KHTML, like Gecko) Chrome/81.0.4044.92 Safari/537.36"
::ffff:117.97.224.156 - - [18/Apr/2020:09:44:48 +0000] "GET /web_assets/assets/js/material-form.js HTTP/1.1" 304 - "http://13.58.125.166:3000/insurance/1" "Mozilla/5.0 (Windows NT 10.0; Win64; x64) AppleWebKit/537.36 (KHTML, like Gecko) Chrome/81.0.4044.92 Safari/537.36"
::ffff:117.97.224.156 - - [18/Apr/2020:09:44:48 +0000] "GET /web_assets/assets/js/custom.js HTTP/1.1" 304 - "http://13.58.125.166:3000/insurance/1" "Mozilla/5.0 (Windows NT 10.0; Win64; x64) AppleWebKit/537.36 (KHTML, like Gecko) Chrome/81.0.4044.92 Safari/537.36"
::ffff:117.97.224.156 - - [18/Apr/2020:09:44:48 +0000] "GET /web_assets/assets/img/logo.png HTTP/1.1" 304 - "http://13.58.125.166:3000/insurance/1" "Mozilla/5.0 (Windows NT 10.0; Win64; x64) AppleWebKit/537.36 (KHTML, like Gecko) Chrome/81.0.4044.92 Safari/537.36"
::ffff:117.97.224.156 - - [18/Apr/2020:09:44:48 +0000] "GET /web_assets/assets/js/validation.js HTTP/1.1" 304 - "http://13.58.125.166:3000/insurance/1" "Mozilla/5.0 (Windows NT 10.0; Win64; x64) AppleWebKit/537.36 (KHTML, like Gecko) Chrome/81.0.4044.92 Safari/537.36"
::ffff:117.97.224.156 - - [18/Apr/2020:09:44:48 +0000] "GET /web_assets/assets/img/svg/tick-white.svg HTTP/1.1" 304 - "http://13.58.125.166:3000/insurance/1" "Mozilla/5.0 (Windows NT 10.0; Win64; x64) AppleWebKit/537.36 (KHTML, like Gecko) Chrome/81.0.4044.92 Safari/537.36"
::ffff:117.97.224.156 - - [18/Apr/2020:09:44:48 +0000] "GET /api/getYearList HTTP/1.1" 304 - "http://13.58.125.166:3000/insurance/1" "Mozilla/5.0 (Windows NT 10.0; Win64; x64) AppleWebKit/537.36 (KHTML, like Gecko) Chrome/81.0.4044.92 Safari/537.36"
::ffff:117.97.224.156 - - [18/Apr/2020:09:44:50 +0000] "GET /api/getMakeList?year=1942 HTTP/1.1" 304 - "http://13.58.125.166:3000/insurance/1" "Mozilla/5.0 (Windows NT 10.0; Win64; x64) AppleWebKit/537.36 (KHTML, like Gecko) Chrome/81.0.4044.92 Safari/537.36"
::ffff:117.97.224.156 - - [18/Apr/2020:09:44:51 +0000] "GET /api/getModelList?year=1942&make=Bugatti HTTP/1.1" 304 - "http://13.58.125.166:3000/insurance/1" "Mozilla/5.0 (Windows NT 10.0; Win64; x64) AppleWebKit/537.36 (KHTML, like Gecko) Chrome/81.0.4044.92 Safari/537.36"
::ffff:117.97.224.156 - - [18/Apr/2020:09:44:53 +0000] "GET /api/getTrimList?model=Type+68&make=bugatti HTTP/1.1" 304 - "http://13.58.125.166:3000/insurance/1" "Mozilla/5.0 (Windows NT 10.0; Win64; x64) AppleWebKit/537.36 (KHTML, like Gecko) Chrome/81.0.4044.92 Safari/537.36"
::ffff:117.97.224.156 - - [18/Apr/2020:09:45:11 +0000] "GET /web_assets/assets/img/svg/radio.svg HTTP/1.1" 200 489 "http://13.58.125.166:3000/web_assets/assets/css/custom-2.css" "Mozilla/5.0 (Windows NT 10.0; Win64; x64) AppleWebKit/537.36 (KHTML, like Gecko) Chrome/81.0.4044.92 Safari/537.36"
::ffff:157.39.21.203 - - [18/Apr/2020:09:45:18 +0000] "GET /web_assets/assets/css/bootstrap.min.css HTTP/1.1" 304 - "http://13.58.125.166:3000/insurance/2" "Mozilla/5.0 (Windows NT 10.0; Win64; x64) AppleWebKit/537.36 (KHTML, like Gecko) Chrome/80.0.3987.163 Safari/537.36"
::ffff:157.39.21.203 - - [18/Apr/2020:09:45:18 +0000] "GET /web_assets/assets/css/slick.css HTTP/1.1" 304 - "http://13.58.125.166:3000/insurance/2" "Mozilla/5.0 (Windows NT 10.0; Win64; x64) AppleWebKit/537.36 (KHTML, like Gecko) Chrome/80.0.3987.163 Safari/537.36"
::ffff:157.39.21.203 - - [18/Apr/2020:09:45:19 +0000] "GET /web_assets/assets/css/slick-theme.css HTTP/1.1" 304 - "http://13.58.125.166:3000/insurance/2" "Mozilla/5.0 (Windows NT 10.0; Win64; x64) AppleWebKit/537.36 (KHTML, like Gecko) Chrome/80.0.3987.163 Safari/537.36"
::ffff:157.39.21.203 - - [18/Apr/2020:09:45:19 +0000] "GET /web_assets/assets/fonts/fonts.css HTTP/1.1" 304 - "http://13.58.125.166:3000/insurance/2" "Mozilla/5.0 (Windows NT 10.0; Win64; x64) AppleWebKit/537.36 (KHTML, like Gecko) Chrome/80.0.3987.163 Safari/537.36"
::ffff:157.39.21.203 - - [18/Apr/2020:09:45:19 +0000] "GET /web_assets/assets/css/material-form.css HTTP/1.1" 304 - "http://13.58.125.166:3000/insurance/2" "Mozilla/5.0 (Windows NT 10.0; Win64; x64) AppleWebKit/537.36 (KHTML, like Gecko) Chrome/80.0.3987.163 Safari/537.36"
::ffff:157.39.21.203 - - [18/Apr/2020:09:45:19 +0000] "GET /web_assets/assets/css/custom-2.css HTTP/1.1" 304 - "http://13.58.125.166:3000/insurance/2" "Mozilla/5.0 (Windows NT 10.0; Win64; x64) AppleWebKit/537.36 (KHTML, like Gecko) Chrome/80.0.3987.163 Safari/537.36"
::ffff:157.39.21.203 - - [18/Apr/2020:09:45:19 +0000] "GET /web_assets/assets/css/responsive.css HTTP/1.1" 304 - "http://13.58.125.166:3000/insurance/2" "Mozilla/5.0 (Windows NT 10.0; Win64; x64) AppleWebKit/537.36 (KHTML, like Gecko) Chrome/80.0.3987.163 Safari/537.36"
::ffff:157.39.21.203 - - [18/Apr/2020:09:45:19 +0000] "GET /web_assets/assets/img/logo.png HTTP/1.1" 304 - "http://13.58.125.166:3000/insurance/2" "Mozilla/5.0 (Windows NT 10.0; Win64; x64) AppleWebKit/537.36 (KHTML, like Gecko) Chrome/80.0.3987.163 Safari/537.36"
::ffff:117.97.224.156 - - [18/Apr/2020:09:45:21 +0000] "GET /web_assets/assets/css/bootstrap.min.css HTTP/1.1" 304 - "http://13.58.125.166:3000/insurance/1" "Mozilla/5.0 (Windows NT 10.0; Win64; x64) AppleWebKit/537.36 (KHTML, like Gecko) Chrome/81.0.4044.92 Safari/537.36"
::ffff:117.97.224.156 - - [18/Apr/2020:09:45:21 +0000] "GET /web_assets/assets/css/material-form.css HTTP/1.1" 304 - "http://13.58.125.166:3000/insurance/1" "Mozilla/5.0 (Windows NT 10.0; Win64; x64) AppleWebKit/537.36 (KHTML, like Gecko) Chrome/81.0.4044.92 Safari/537.36"
::ffff:117.97.224.156 - - [18/Apr/2020:09:45:21 +0000] "GET /web_assets/assets/css/slick.css HTTP/1.1" 304 - "http://13.58.125.166:3000/insurance/1" "Mozilla/5.0 (Windows NT 10.0; Win64; x64) AppleWebKit/537.36 (KHTML, like Gecko) Chrome/81.0.4044.92 Safari/537.36"
::ffff:117.97.224.156 - - [18/Apr/2020:09:45:21 +0000] "GET /web_assets/assets/css/slick-theme.css HTTP/1.1" 304 - "http://13.58.125.166:3000/insurance/1" "Mozilla/5.0 (Windows NT 10.0; Win64; x64) AppleWebKit/537.36 (KHTML, like Gecko) Chrome/81.0.4044.92 Safari/537.36"
::ffff:117.97.224.156 - - [18/Apr/2020:09:45:21 +0000] "GET /web_assets/assets/fonts/fonts.css HTTP/1.1" 304 - "http://13.58.125.166:3000/insurance/1" "Mozilla/5.0 (Windows NT 10.0; Win64; x64) AppleWebKit/537.36 (KHTML, like Gecko) Chrome/81.0.4044.92 Safari/537.36"
::ffff:117.97.224.156 - - [18/Apr/2020:09:45:21 +0000] "GET /web_assets/assets/css/custom-2.css HTTP/1.1" 304 - "http://13.58.125.166:3000/insurance/1" "Mozilla/5.0 (Windows NT 10.0; Win64; x64) AppleWebKit/537.36 (KHTML, like Gecko) Chrome/81.0.4044.92 Safari/537.36"
::ffff:117.97.224.156 - - [18/Apr/2020:09:45:21 +0000] "GET /web_assets/assets/css/responsive.css HTTP/1.1" 304 - "http://13.58.125.166:3000/insurance/1" "Mozilla/5.0 (Windows NT 10.0; Win64; x64) AppleWebKit/537.36 (KHTML, like Gecko) Chrome/81.0.4044.92 Safari/537.36"
::ffff:117.97.224.156 - - [18/Apr/2020:09:45:21 +0000] "GET /web_assets/assets/js/bootstrap.min.js.map HTTP/1.1" 404 180 "-" "Mozilla/5.0 (Windows NT 10.0; Win64; x64) AppleWebKit/537.36 (KHTML, like Gecko) Chrome/81.0.4044.92 Safari/537.36"
::ffff:117.97.224.156 - - [18/Apr/2020:09:45:22 +0000] "GET /web_assets/assets/css/bootstrap.min.css.map HTTP/1.1" 404 182 "-" "Mozilla/5.0 (Windows NT 10.0; Win64; x64) AppleWebKit/537.36 (KHTML, like Gecko) Chrome/81.0.4044.92 Safari/537.36"
::ffff:157.39.21.203 - - [18/Apr/2020:09:45:24 +0000] "GET /web_assets/assets/img/svg/radio.svg HTTP/1.1" 200 489 "http://13.58.125.166:3000/insurance/2" "Mozilla/5.0 (Windows NT 10.0; Win64; x64) AppleWebKit/537.36 (KHTML, like Gecko) Chrome/80.0.3987.163 Safari/537.36"
::ffff:157.39.21.203 - - [18/Apr/2020:09:45:38 +0000] "GET /insurance/2 HTTP/1.1" 200 216019 "http://13.58.125.166:3000/" "Mozilla/5.0 (Windows NT 10.0; Win64; x64) AppleWebKit/537.36 (KHTML, like Gecko) Chrome/80.0.3987.163 Safari/537.36"
::ffff:157.39.21.203 - - [18/Apr/2020:09:45:44 +0000] "GET /web_assets/assets/js/jquery-1.9.1.min.js HTTP/1.1" 304 - "http://13.58.125.166:3000/insurance/2" "Mozilla/5.0 (Windows NT 10.0; Win64; x64) AppleWebKit/537.36 (KHTML, like Gecko) Chrome/80.0.3987.163 Safari/537.36"
::ffff:157.39.21.203 - - [18/Apr/2020:09:45:44 +0000] "GET /web_assets/assets/js/bootstrap.min.js HTTP/1.1" 304 - "http://13.58.125.166:3000/insurance/2" "Mozilla/5.0 (Windows NT 10.0; Win64; x64) AppleWebKit/537.36 (KHTML, like Gecko) Chrome/80.0.3987.163 Safari/537.36"
::ffff:157.39.21.203 - - [18/Apr/2020:09:45:44 +0000] "GET /web_assets/assets/js/slick.min.js HTTP/1.1" 304 - "http://13.58.125.166:3000/insurance/2" "Mozilla/5.0 (Windows NT 10.0; Win64; x64) AppleWebKit/537.36 (KHTML, like Gecko) Chrome/80.0.3987.163 Safari/537.36"
::ffff:157.39.21.203 - - [18/Apr/2020:09:45:44 +0000] "GET /web_assets/assets/js/custom.js HTTP/1.1" 304 - "http://13.58.125.166:3000/insurance/2" "Mozilla/5.0 (Windows NT 10.0; Win64; x64) AppleWebKit/537.36 (KHTML, like Gecko) Chrome/80.0.3987.163 Safari/537.36"
::ffff:157.39.21.203 - - [18/Apr/2020:09:45:44 +0000] "GET /web_assets/assets/js/material-form.js HTTP/1.1" 304 - "http://13.58.125.166:3000/insurance/2" "Mozilla/5.0 (Windows NT 10.0; Win64; x64) AppleWebKit/537.36 (KHTML, like Gecko) Chrome/80.0.3987.163 Safari/537.36"
::ffff:157.39.21.203 - - [18/Apr/2020:09:45:45 +0000] "GET /web_assets/assets/js/validation.js HTTP/1.1" 200 51360 "http://13.58.125.166:3000/insurance/2" "Mozilla/5.0 (Windows NT 10.0; Win64; x64) AppleWebKit/537.36 (KHTML, like Gecko) Chrome/80.0.3987.163 Safari/537.36"
::ffff:117.97.224.156 - - [18/Apr/2020:09:45:57 +0000] "GET / HTTP/1.1" 304 - "http://13.58.125.166:3000/insurance/1" "Mozilla/5.0 (Windows NT 10.0; Win64; x64) AppleWebKit/537.36 (KHTML, like Gecko) Chrome/81.0.4044.92 Safari/537.36"
::ffff:117.97.224.156 - - [18/Apr/2020:09:45:57 +0000] "GET /web_assets/assets/css/bootstrap.min.css HTTP/1.1" 304 - "http://13.58.125.166:3000/" "Mozilla/5.0 (Windows NT 10.0; Win64; x64) AppleWebKit/537.36 (KHTML, like Gecko) Chrome/81.0.4044.92 Safari/537.36"
::ffff:117.97.224.156 - - [18/Apr/2020:09:45:57 +0000] "GET /web_assets/assets/css/slick-theme.css HTTP/1.1" 304 - "http://13.58.125.166:3000/" "Mozilla/5.0 (Windows NT 10.0; Win64; x64) AppleWebKit/537.36 (KHTML, like Gecko) Chrome/81.0.4044.92 Safari/537.36"
::ffff:117.97.224.156 - - [18/Apr/2020:09:45:57 +0000] "GET /web_assets/assets/css/slick.css HTTP/1.1" 304 - "http://13.58.125.166:3000/" "Mozilla/5.0 (Windows NT 10.0; Win64; x64) AppleWebKit/537.36 (KHTML, like Gecko) Chrome/81.0.4044.92 Safari/537.36"
::ffff:117.97.224.156 - - [18/Apr/2020:09:45:58 +0000] "GET /web_assets/assets/fonts/fonts.css HTTP/1.1" 304 - "http://13.58.125.166:3000/" "Mozilla/5.0 (Windows NT 10.0; Win64; x64) AppleWebKit/537.36 (KHTML, like Gecko) Chrome/81.0.4044.92 Safari/537.36"
::ffff:117.97.224.156 - - [18/Apr/2020:09:45:58 +0000] "GET /web_assets/assets/css/custom-2.css HTTP/1.1" 304 - "http://13.58.125.166:3000/" "Mozilla/5.0 (Windows NT 10.0; Win64; x64) AppleWebKit/537.36 (KHTML, like Gecko) Chrome/81.0.4044.92 Safari/537.36"
::ffff:117.97.224.156 - - [18/Apr/2020:09:45:58 +0000] "GET /web_assets/assets/css/material-form.css HTTP/1.1" 304 - "http://13.58.125.166:3000/" "Mozilla/5.0 (Windows NT 10.0; Win64; x64) AppleWebKit/537.36 (KHTML, like Gecko) Chrome/81.0.4044.92 Safari/537.36"
::ffff:117.97.224.156 - - [18/Apr/2020:09:45:58 +0000] "GET /web_assets/assets/css/responsive.css HTTP/1.1" 304 - "http://13.58.125.166:3000/" "Mozilla/5.0 (Windows NT 10.0; Win64; x64) AppleWebKit/537.36 (KHTML, like Gecko) Chrome/81.0.4044.92 Safari/537.36"
::ffff:117.97.224.156 - - [18/Apr/2020:09:45:58 +0000] "GET /web_assets/assets/js/jquery-1.9.1.min.js HTTP/1.1" 304 - "http://13.58.125.166:3000/" "Mozilla/5.0 (Windows NT 10.0; Win64; x64) AppleWebKit/537.36 (KHTML, like Gecko) Chrome/81.0.4044.92 Safari/537.36"
::ffff:117.97.224.156 - - [18/Apr/2020:09:45:58 +0000] "GET /web_assets/assets/js/bootstrap.min.js HTTP/1.1" 304 - "http://13.58.125.166:3000/" "Mozilla/5.0 (Windows NT 10.0; Win64; x64) AppleWebKit/537.36 (KHTML, like Gecko) Chrome/81.0.4044.92 Safari/537.36"
::ffff:117.97.224.156 - - [18/Apr/2020:09:45:58 +0000] "GET /web_assets/assets/js/slick.min.js HTTP/1.1" 304 - "http://13.58.125.166:3000/" "Mozilla/5.0 (Windows NT 10.0; Win64; x64) AppleWebKit/537.36 (KHTML, like Gecko) Chrome/81.0.4044.92 Safari/537.36"
::ffff:117.97.224.156 - - [18/Apr/2020:09:45:58 +0000] "GET /web_assets/assets/js/custom.js HTTP/1.1" 304 - "http://13.58.125.166:3000/" "Mozilla/5.0 (Windows NT 10.0; Win64; x64) AppleWebKit/537.36 (KHTML, like Gecko) Chrome/81.0.4044.92 Safari/537.36"
::ffff:117.97.224.156 - - [18/Apr/2020:09:45:58 +0000] "GET /web_assets/assets/js/material-form.js HTTP/1.1" 304 - "http://13.58.125.166:3000/" "Mozilla/5.0 (Windows NT 10.0; Win64; x64) AppleWebKit/537.36 (KHTML, like Gecko) Chrome/81.0.4044.92 Safari/537.36"
::ffff:117.97.224.156 - - [18/Apr/2020:09:45:58 +0000] "GET /web_assets/assets/js/validation.js HTTP/1.1" 304 - "http://13.58.125.166:3000/" "Mozilla/5.0 (Windows NT 10.0; Win64; x64) AppleWebKit/537.36 (KHTML, like Gecko) Chrome/81.0.4044.92 Safari/537.36"
::ffff:117.97.224.156 - - [18/Apr/2020:09:45:58 +0000] "GET /web_assets/assets/img/logo.png HTTP/1.1" 304 - "http://13.58.125.166:3000/" "Mozilla/5.0 (Windows NT 10.0; Win64; x64) AppleWebKit/537.36 (KHTML, like Gecko) Chrome/81.0.4044.92 Safari/537.36"
::ffff:117.97.224.156 - - [18/Apr/2020:09:45:58 +0000] "GET /web_assets/assets/img/green-img/icon-green-6.png HTTP/1.1" 304 - "http://13.58.125.166:3000/" "Mozilla/5.0 (Windows NT 10.0; Win64; x64) AppleWebKit/537.36 (KHTML, like Gecko) Chrome/81.0.4044.92 Safari/537.36"
::ffff:117.97.224.156 - - [18/Apr/2020:09:45:58 +0000] "GET /web_assets/assets/img/green-img/icon-green-8.png HTTP/1.1" 304 - "http://13.58.125.166:3000/" "Mozilla/5.0 (Windows NT 10.0; Win64; x64) AppleWebKit/537.36 (KHTML, like Gecko) Chrome/81.0.4044.92 Safari/537.36"
::ffff:117.97.224.156 - - [18/Apr/2020:09:45:58 +0000] "GET /web_assets/assets/img/green-img/icon-green-7.png HTTP/1.1" 304 - "http://13.58.125.166:3000/" "Mozilla/5.0 (Windows NT 10.0; Win64; x64) AppleWebKit/537.36 (KHTML, like Gecko) Chrome/81.0.4044.92 Safari/537.36"
::ffff:117.97.224.156 - - [18/Apr/2020:09:45:58 +0000] "GET /web_assets/assets/img/green-img/icon-green-13.png HTTP/1.1" 304 - "http://13.58.125.166:3000/" "Mozilla/5.0 (Windows NT 10.0; Win64; x64) AppleWebKit/537.36 (KHTML, like Gecko) Chrome/81.0.4044.92 Safari/537.36"
::ffff:117.97.224.156 - - [18/Apr/2020:09:45:58 +0000] "GET /web_assets/assets/img/green-img/icon-green-10.png HTTP/1.1" 304 - "http://13.58.125.166:3000/" "Mozilla/5.0 (Windows NT 10.0; Win64; x64) AppleWebKit/537.36 (KHTML, like Gecko) Chrome/81.0.4044.92 Safari/537.36"
::ffff:117.97.224.156 - - [18/Apr/2020:09:45:58 +0000] "GET /web_assets/assets/img/green-img/icon-green-11.png HTTP/1.1" 304 - "http://13.58.125.166:3000/" "Mozilla/5.0 (Windows NT 10.0; Win64; x64) AppleWebKit/537.36 (KHTML, like Gecko) Chrome/81.0.4044.92 Safari/537.36"
::ffff:117.97.224.156 - - [18/Apr/2020:09:45:58 +0000] "GET /web_assets/assets/img/green-img/icon-green-5.png HTTP/1.1" 304 - "http://13.58.125.166:3000/" "Mozilla/5.0 (Windows NT 10.0; Win64; x64) AppleWebKit/537.36 (KHTML, like Gecko) Chrome/81.0.4044.92 Safari/537.36"
::ffff:117.97.224.156 - - [18/Apr/2020:09:45:58 +0000] "GET /web_assets/assets/img/green-img/icon-green-9.png HTTP/1.1" 304 - "http://13.58.125.166:3000/" "Mozilla/5.0 (Windows NT 10.0; Win64; x64) AppleWebKit/537.36 (KHTML, like Gecko) Chrome/81.0.4044.92 Safari/537.36"
::ffff:117.97.224.156 - - [18/Apr/2020:09:45:58 +0000] "GET /web_assets/assets/img/green-img/icon-green-2.png HTTP/1.1" 304 - "http://13.58.125.166:3000/" "Mozilla/5.0 (Windows NT 10.0; Win64; x64) AppleWebKit/537.36 (KHTML, like Gecko) Chrome/81.0.4044.92 Safari/537.36"
::ffff:117.97.224.156 - - [18/Apr/2020:09:45:58 +0000] "GET /web_assets/assets/img/green-img/icon-green-1.png HTTP/1.1" 304 - "http://13.58.125.166:3000/" "Mozilla/5.0 (Windows NT 10.0; Win64; x64) AppleWebKit/537.36 (KHTML, like Gecko) Chrome/81.0.4044.92 Safari/537.36"
::ffff:117.97.224.156 - - [18/Apr/2020:09:45:58 +0000] "GET /web_assets/assets/img/green-img/icon-green-4.png HTTP/1.1" 304 - "http://13.58.125.166:3000/" "Mozilla/5.0 (Windows NT 10.0; Win64; x64) AppleWebKit/537.36 (KHTML, like Gecko) Chrome/81.0.4044.92 Safari/537.36"
::ffff:117.97.224.156 - - [18/Apr/2020:09:45:58 +0000] "GET /web_assets/assets/img/blog-1.jpg HTTP/1.1" 304 - "http://13.58.125.166:3000/" "Mozilla/5.0 (Windows NT 10.0; Win64; x64) AppleWebKit/537.36 (KHTML, like Gecko) Chrome/81.0.4044.92 Safari/537.36"
::ffff:117.97.224.156 - - [18/Apr/2020:09:45:58 +0000] "GET /web_assets/assets/css/ajax-loader.gif HTTP/1.1" 404 176 "http://13.58.125.166:3000/web_assets/assets/css/slick-theme.css" "Mozilla/5.0 (Windows NT 10.0; Win64; x64) AppleWebKit/537.36 (KHTML, like Gecko) Chrome/81.0.4044.92 Safari/537.36"
::ffff:117.97.224.156 - - [18/Apr/2020:09:45:59 +0000] "GET /web_assets/assets/css/fonts/slick.woff HTTP/1.1" 404 177 "http://13.58.125.166:3000/web_assets/assets/css/slick-theme.css" "Mozilla/5.0 (Windows NT 10.0; Win64; x64) AppleWebKit/537.36 (KHTML, like Gecko) Chrome/81.0.4044.92 Safari/537.36"
::ffff:117.97.224.156 - - [18/Apr/2020:09:45:59 +0000] "GET /web_assets/assets/css/fonts/slick.ttf HTTP/1.1" 404 176 "http://13.58.125.166:3000/web_assets/assets/css/slick-theme.css" "Mozilla/5.0 (Windows NT 10.0; Win64; x64) AppleWebKit/537.36 (KHTML, like Gecko) Chrome/81.0.4044.92 Safari/537.36"
::ffff:157.39.21.203 - - [18/Apr/2020:09:46:00 +0000] "GET /insurance/1 HTTP/1.1" 304 - "http://13.58.125.166:3000/" "Mozilla/5.0 (Windows NT 10.0; Win64; x64) AppleWebKit/537.36 (KHTML, like Gecko) Chrome/80.0.3987.163 Safari/537.36"
::ffff:117.97.224.156 - - [18/Apr/2020:09:46:00 +0000] "GET /insurance/1 HTTP/1.1" 304 - "http://13.58.125.166:3000/" "Mozilla/5.0 (Windows NT 10.0; Win64; x64) AppleWebKit/537.36 (KHTML, like Gecko) Chrome/81.0.4044.92 Safari/537.36"
::ffff:157.39.21.203 - - [18/Apr/2020:09:46:00 +0000] "GET /web_assets/assets/css/bootstrap.min.css HTTP/1.1" 304 - "http://13.58.125.166:3000/insurance/1" "Mozilla/5.0 (Windows NT 10.0; Win64; x64) AppleWebKit/537.36 (KHTML, like Gecko) Chrome/80.0.3987.163 Safari/537.36"
::ffff:157.39.21.203 - - [18/Apr/2020:09:46:00 +0000] "GET /web_assets/assets/css/slick.css HTTP/1.1" 304 - "http://13.58.125.166:3000/insurance/1" "Mozilla/5.0 (Windows NT 10.0; Win64; x64) AppleWebKit/537.36 (KHTML, like Gecko) Chrome/80.0.3987.163 Safari/537.36"
::ffff:157.39.21.203 - - [18/Apr/2020:09:46:00 +0000] "GET /web_assets/assets/css/slick-theme.css HTTP/1.1" 304 - "http://13.58.125.166:3000/insurance/1" "Mozilla/5.0 (Windows NT 10.0; Win64; x64) AppleWebKit/537.36 (KHTML, like Gecko) Chrome/80.0.3987.163 Safari/537.36"
::ffff:117.97.224.156 - - [18/Apr/2020:09:46:01 +0000] "GET /web_assets/assets/css/bootstrap.min.css HTTP/1.1" 304 - "http://13.58.125.166:3000/insurance/1" "Mozilla/5.0 (Windows NT 10.0; Win64; x64) AppleWebKit/537.36 (KHTML, like Gecko) Chrome/81.0.4044.92 Safari/537.36"
::ffff:157.39.21.203 - - [18/Apr/2020:09:46:01 +0000] "GET /web_assets/assets/fonts/fonts.css HTTP/1.1" 304 - "http://13.58.125.166:3000/insurance/1" "Mozilla/5.0 (Windows NT 10.0; Win64; x64) AppleWebKit/537.36 (KHTML, like Gecko) Chrome/80.0.3987.163 Safari/537.36"
::ffff:117.97.224.156 - - [18/Apr/2020:09:46:01 +0000] "GET /web_assets/assets/css/slick.css HTTP/1.1" 304 - "http://13.58.125.166:3000/insurance/1" "Mozilla/5.0 (Windows NT 10.0; Win64; x64) AppleWebKit/537.36 (KHTML, like Gecko) Chrome/81.0.4044.92 Safari/537.36"
::ffff:157.39.21.203 - - [18/Apr/2020:09:46:01 +0000] "GET /web_assets/assets/css/material-form.css HTTP/1.1" 304 - "http://13.58.125.166:3000/insurance/1" "Mozilla/5.0 (Windows NT 10.0; Win64; x64) AppleWebKit/537.36 (KHTML, like Gecko) Chrome/80.0.3987.163 Safari/537.36"
::ffff:117.97.224.156 - - [18/Apr/2020:09:46:01 +0000] "GET /web_assets/assets/css/slick-theme.css HTTP/1.1" 304 - "http://13.58.125.166:3000/insurance/1" "Mozilla/5.0 (Windows NT 10.0; Win64; x64) AppleWebKit/537.36 (KHTML, like Gecko) Chrome/81.0.4044.92 Safari/537.36"
::ffff:157.39.21.203 - - [18/Apr/2020:09:46:01 +0000] "GET /web_assets/assets/css/custom-2.css HTTP/1.1" 304 - "http://13.58.125.166:3000/insurance/1" "Mozilla/5.0 (Windows NT 10.0; Win64; x64) AppleWebKit/537.36 (KHTML, like Gecko) Chrome/80.0.3987.163 Safari/537.36"
::ffff:157.39.21.203 - - [18/Apr/2020:09:46:01 +0000] "GET /web_assets/assets/css/responsive.css HTTP/1.1" 304 - "http://13.58.125.166:3000/insurance/1" "Mozilla/5.0 (Windows NT 10.0; Win64; x64) AppleWebKit/537.36 (KHTML, like Gecko) Chrome/80.0.3987.163 Safari/537.36"
::ffff:157.39.21.203 - - [18/Apr/2020:09:46:01 +0000] "GET /web_assets/assets/js/jquery-1.9.1.min.js HTTP/1.1" 304 - "http://13.58.125.166:3000/insurance/1" "Mozilla/5.0 (Windows NT 10.0; Win64; x64) AppleWebKit/537.36 (KHTML, like Gecko) Chrome/80.0.3987.163 Safari/537.36"
::ffff:117.97.224.156 - - [18/Apr/2020:09:46:01 +0000] "GET /web_assets/assets/fonts/fonts.css HTTP/1.1" 304 - "http://13.58.125.166:3000/insurance/1" "Mozilla/5.0 (Windows NT 10.0; Win64; x64) AppleWebKit/537.36 (KHTML, like Gecko) Chrome/81.0.4044.92 Safari/537.36"
::ffff:117.97.224.156 - - [18/Apr/2020:09:46:01 +0000] "GET /web_assets/assets/css/material-form.css HTTP/1.1" 304 - "http://13.58.125.166:3000/insurance/1" "Mozilla/5.0 (Windows NT 10.0; Win64; x64) AppleWebKit/537.36 (KHTML, like Gecko) Chrome/81.0.4044.92 Safari/537.36"
::ffff:117.97.224.156 - - [18/Apr/2020:09:46:01 +0000] "GET /web_assets/assets/css/custom-2.css HTTP/1.1" 304 - "http://13.58.125.166:3000/insurance/1" "Mozilla/5.0 (Windows NT 10.0; Win64; x64) AppleWebKit/537.36 (KHTML, like Gecko) Chrome/81.0.4044.92 Safari/537.36"
::ffff:117.97.224.156 - - [18/Apr/2020:09:46:01 +0000] "GET /web_assets/assets/css/responsive.css HTTP/1.1" 304 - "http://13.58.125.166:3000/insurance/1" "Mozilla/5.0 (Windows NT 10.0; Win64; x64) AppleWebKit/537.36 (KHTML, like Gecko) Chrome/81.0.4044.92 Safari/537.36"
::ffff:117.97.224.156 - - [18/Apr/2020:09:46:01 +0000] "GET /web_assets/assets/js/bootstrap.min.js HTTP/1.1" 304 - "http://13.58.125.166:3000/insurance/1" "Mozilla/5.0 (Windows NT 10.0; Win64; x64) AppleWebKit/537.36 (KHTML, like Gecko) Chrome/81.0.4044.92 Safari/537.36"
::ffff:117.97.224.156 - - [18/Apr/2020:09:46:01 +0000] "GET /web_assets/assets/js/jquery-1.9.1.min.js HTTP/1.1" 304 - "http://13.58.125.166:3000/insurance/1" "Mozilla/5.0 (Windows NT 10.0; Win64; x64) AppleWebKit/537.36 (KHTML, like Gecko) Chrome/81.0.4044.92 Safari/537.36"
::ffff:117.97.224.156 - - [18/Apr/2020:09:46:01 +0000] "GET /web_assets/assets/js/slick.min.js HTTP/1.1" 304 - "http://13.58.125.166:3000/insurance/1" "Mozilla/5.0 (Windows NT 10.0; Win64; x64) AppleWebKit/537.36 (KHTML, like Gecko) Chrome/81.0.4044.92 Safari/537.36"
::ffff:117.97.224.156 - - [18/Apr/2020:09:46:01 +0000] "GET /web_assets/assets/js/custom.js HTTP/1.1" 304 - "http://13.58.125.166:3000/insurance/1" "Mozilla/5.0 (Windows NT 10.0; Win64; x64) AppleWebKit/537.36 (KHTML, like Gecko) Chrome/81.0.4044.92 Safari/537.36"
::ffff:157.39.21.203 - - [18/Apr/2020:09:46:01 +0000] "GET /web_assets/assets/js/bootstrap.min.js HTTP/1.1" 304 - "http://13.58.125.166:3000/insurance/1" "Mozilla/5.0 (Windows NT 10.0; Win64; x64) AppleWebKit/537.36 (KHTML, like Gecko) Chrome/80.0.3987.163 Safari/537.36"
::ffff:157.39.21.203 - - [18/Apr/2020:09:46:01 +0000] "GET /web_assets/assets/js/slick.min.js HTTP/1.1" 304 - "http://13.58.125.166:3000/insurance/1" "Mozilla/5.0 (Windows NT 10.0; Win64; x64) AppleWebKit/537.36 (KHTML, like Gecko) Chrome/80.0.3987.163 Safari/537.36"
::ffff:117.97.224.156 - - [18/Apr/2020:09:46:01 +0000] "GET /web_assets/assets/js/material-form.js HTTP/1.1" 304 - "http://13.58.125.166:3000/insurance/1" "Mozilla/5.0 (Windows NT 10.0; Win64; x64) AppleWebKit/537.36 (KHTML, like Gecko) Chrome/81.0.4044.92 Safari/537.36"
::ffff:117.97.224.156 - - [18/Apr/2020:09:46:01 +0000] "GET /web_assets/assets/js/validation.js HTTP/1.1" 304 - "http://13.58.125.166:3000/insurance/1" "Mozilla/5.0 (Windows NT 10.0; Win64; x64) AppleWebKit/537.36 (KHTML, like Gecko) Chrome/81.0.4044.92 Safari/537.36"
::ffff:157.39.21.203 - - [18/Apr/2020:09:46:01 +0000] "GET /web_assets/assets/js/custom.js HTTP/1.1" 304 - "http://13.58.125.166:3000/insurance/1" "Mozilla/5.0 (Windows NT 10.0; Win64; x64) AppleWebKit/537.36 (KHTML, like Gecko) Chrome/80.0.3987.163 Safari/537.36"
::ffff:117.97.224.156 - - [18/Apr/2020:09:46:01 +0000] "GET /web_assets/assets/img/logo.png HTTP/1.1" 304 - "http://13.58.125.166:3000/insurance/1" "Mozilla/5.0 (Windows NT 10.0; Win64; x64) AppleWebKit/537.36 (KHTML, like Gecko) Chrome/81.0.4044.92 Safari/537.36"
::ffff:157.39.21.203 - - [18/Apr/2020:09:46:01 +0000] "GET /web_assets/assets/js/material-form.js HTTP/1.1" 304 - "http://13.58.125.166:3000/insurance/1" "Mozilla/5.0 (Windows NT 10.0; Win64; x64) AppleWebKit/537.36 (KHTML, like Gecko) Chrome/80.0.3987.163 Safari/537.36"
::ffff:157.39.21.203 - - [18/Apr/2020:09:46:01 +0000] "GET /web_assets/assets/js/validation.js HTTP/1.1" 304 - "http://13.58.125.166:3000/insurance/1" "Mozilla/5.0 (Windows NT 10.0; Win64; x64) AppleWebKit/537.36 (KHTML, like Gecko) Chrome/80.0.3987.163 Safari/537.36"
::ffff:117.97.224.156 - - [18/Apr/2020:09:46:01 +0000] "GET /web_assets/assets/img/svg/tick-white.svg HTTP/1.1" 304 - "http://13.58.125.166:3000/insurance/1" "Mozilla/5.0 (Windows NT 10.0; Win64; x64) AppleWebKit/537.36 (KHTML, like Gecko) Chrome/81.0.4044.92 Safari/537.36"
::ffff:157.39.21.203 - - [18/Apr/2020:09:46:02 +0000] "GET /web_assets/assets/img/svg/tick-white.svg HTTP/1.1" 304 - "http://13.58.125.166:3000/insurance/1" "Mozilla/5.0 (Windows NT 10.0; Win64; x64) AppleWebKit/537.36 (KHTML, like Gecko) Chrome/80.0.3987.163 Safari/537.36"
::ffff:157.39.21.203 - - [18/Apr/2020:09:46:02 +0000] "GET /web_assets/assets/img/logo.png HTTP/1.1" 304 - "http://13.58.125.166:3000/insurance/1" "Mozilla/5.0 (Windows NT 10.0; Win64; x64) AppleWebKit/537.36 (KHTML, like Gecko) Chrome/80.0.3987.163 Safari/537.36"
::ffff:117.97.224.156 - - [18/Apr/2020:09:46:02 +0000] "GET /api/getYearList HTTP/1.1" 304 - "http://13.58.125.166:3000/insurance/1" "Mozilla/5.0 (Windows NT 10.0; Win64; x64) AppleWebKit/537.36 (KHTML, like Gecko) Chrome/81.0.4044.92 Safari/537.36"
::ffff:117.97.224.156 - - [18/Apr/2020:09:46:03 +0000] "GET /api/getMakeList?year=1942 HTTP/1.1" 304 - "http://13.58.125.166:3000/insurance/1" "Mozilla/5.0 (Windows NT 10.0; Win64; x64) AppleWebKit/537.36 (KHTML, like Gecko) Chrome/81.0.4044.92 Safari/537.36"
::ffff:157.39.21.203 - - [18/Apr/2020:09:46:03 +0000] "GET /api/getYearList HTTP/1.1" 304 - "http://13.58.125.166:3000/insurance/1" "Mozilla/5.0 (Windows NT 10.0; Win64; x64) AppleWebKit/537.36 (KHTML, like Gecko) Chrome/80.0.3987.163 Safari/537.36"
::ffff:117.97.224.156 - - [18/Apr/2020:09:46:04 +0000] "GET /api/getModelList?year=1942&make=Aston+Martin HTTP/1.1" 304 - "http://13.58.125.166:3000/insurance/1" "Mozilla/5.0 (Windows NT 10.0; Win64; x64) AppleWebKit/537.36 (KHTML, like Gecko) Chrome/81.0.4044.92 Safari/537.36"
::ffff:117.97.224.156 - - [18/Apr/2020:09:46:06 +0000] "GET /api/getModelList?year=1942&make=Bugatti HTTP/1.1" 304 - "http://13.58.125.166:3000/insurance/1" "Mozilla/5.0 (Windows NT 10.0; Win64; x64) AppleWebKit/537.36 (KHTML, like Gecko) Chrome/81.0.4044.92 Safari/537.36"
::ffff:157.39.21.203 - - [18/Apr/2020:09:46:06 +0000] "GET /api/getMakeList?year=1941 HTTP/1.1" 200 1471 "http://13.58.125.166:3000/insurance/1" "Mozilla/5.0 (Windows NT 10.0; Win64; x64) AppleWebKit/537.36 (KHTML, like Gecko) Chrome/80.0.3987.163 Safari/537.36"
::ffff:117.97.224.156 - - [18/Apr/2020:09:46:07 +0000] "GET /api/getTrimList?model=Type+68&make=bugatti HTTP/1.1" 304 - "http://13.58.125.166:3000/insurance/1" "Mozilla/5.0 (Windows NT 10.0; Win64; x64) AppleWebKit/537.36 (KHTML, like Gecko) Chrome/81.0.4044.92 Safari/537.36"
::ffff:157.39.21.203 - - [18/Apr/2020:09:46:08 +0000] "GET /api/getModelList?year=1941&make=Bentley HTTP/1.1" 200 49 "http://13.58.125.166:3000/insurance/1" "Mozilla/5.0 (Windows NT 10.0; Win64; x64) AppleWebKit/537.36 (KHTML, like Gecko) Chrome/80.0.3987.163 Safari/537.36"
::ffff:157.39.21.203 - - [18/Apr/2020:09:46:10 +0000] "GET /api/getTrimList?model=MK+V&make=bentley HTTP/1.1" 200 974 "http://13.58.125.166:3000/insurance/1" "Mozilla/5.0 (Windows NT 10.0; Win64; x64) AppleWebKit/537.36 (KHTML, like Gecko) Chrome/80.0.3987.163 Safari/537.36"
::ffff:117.97.224.156 - - [18/Apr/2020:09:46:10 +0000] "GET /web_assets/assets/img/svg/radio.svg HTTP/1.1" 304 - "http://13.58.125.166:3000/web_assets/assets/css/custom-2.css" "Mozilla/5.0 (Windows NT 10.0; Win64; x64) AppleWebKit/537.36 (KHTML, like Gecko) Chrome/81.0.4044.92 Safari/537.36"
::ffff:157.39.21.203 - - [18/Apr/2020:09:46:12 +0000] "GET /web_assets/assets/img/svg/radio.svg HTTP/1.1" 304 - "http://13.58.125.166:3000/web_assets/assets/css/custom-2.css" "Mozilla/5.0 (Windows NT 10.0; Win64; x64) AppleWebKit/537.36 (KHTML, like Gecko) Chrome/80.0.3987.163 Safari/537.36"
::ffff:117.97.224.156 - - [18/Apr/2020:09:46:16 +0000] "GET /web_assets/assets/css/slick.css HTTP/1.1" 304 - "http://13.58.125.166:3000/insurance/1" "Mozilla/5.0 (Windows NT 10.0; Win64; x64) AppleWebKit/537.36 (KHTML, like Gecko) Chrome/81.0.4044.92 Safari/537.36"
::ffff:117.97.224.156 - - [18/Apr/2020:09:46:16 +0000] "GET /web_assets/assets/css/bootstrap.min.css HTTP/1.1" 304 - "http://13.58.125.166:3000/insurance/1" "Mozilla/5.0 (Windows NT 10.0; Win64; x64) AppleWebKit/537.36 (KHTML, like Gecko) Chrome/81.0.4044.92 Safari/537.36"
::ffff:117.97.224.156 - - [18/Apr/2020:09:46:16 +0000] "GET /web_assets/assets/css/slick-theme.css HTTP/1.1" 304 - "http://13.58.125.166:3000/insurance/1" "Mozilla/5.0 (Windows NT 10.0; Win64; x64) AppleWebKit/537.36 (KHTML, like Gecko) Chrome/81.0.4044.92 Safari/537.36"
::ffff:117.97.224.156 - - [18/Apr/2020:09:46:16 +0000] "GET /web_assets/assets/fonts/fonts.css HTTP/1.1" 304 - "http://13.58.125.166:3000/insurance/1" "Mozilla/5.0 (Windows NT 10.0; Win64; x64) AppleWebKit/537.36 (KHTML, like Gecko) Chrome/81.0.4044.92 Safari/537.36"
::ffff:117.97.224.156 - - [18/Apr/2020:09:46:16 +0000] "GET /web_assets/assets/css/custom-2.css HTTP/1.1" 304 - "http://13.58.125.166:3000/insurance/1" "Mozilla/5.0 (Windows NT 10.0; Win64; x64) AppleWebKit/537.36 (KHTML, like Gecko) Chrome/81.0.4044.92 Safari/537.36"
::ffff:117.97.224.156 - - [18/Apr/2020:09:46:16 +0000] "GET /web_assets/assets/css/material-form.css HTTP/1.1" 304 - "http://13.58.125.166:3000/insurance/1" "Mozilla/5.0 (Windows NT 10.0; Win64; x64) AppleWebKit/537.36 (KHTML, like Gecko) Chrome/81.0.4044.92 Safari/537.36"
::ffff:117.97.224.156 - - [18/Apr/2020:09:46:17 +0000] "GET /web_assets/assets/css/responsive.css HTTP/1.1" 304 - "http://13.58.125.166:3000/insurance/1" "Mozilla/5.0 (Windows NT 10.0; Win64; x64) AppleWebKit/537.36 (KHTML, like Gecko) Chrome/81.0.4044.92 Safari/537.36"
::ffff:117.97.224.156 - - [18/Apr/2020:09:46:17 +0000] "GET /web_assets/assets/js/bootstrap.min.js.map HTTP/1.1" 404 180 "-" "Mozilla/5.0 (Windows NT 10.0; Win64; x64) AppleWebKit/537.36 (KHTML, like Gecko) Chrome/81.0.4044.92 Safari/537.36"
::ffff:117.97.224.156 - - [18/Apr/2020:09:46:17 +0000] "GET /web_assets/assets/css/bootstrap.min.css.map HTTP/1.1" 404 182 "-" "Mozilla/5.0 (Windows NT 10.0; Win64; x64) AppleWebKit/537.36 (KHTML, like Gecko) Chrome/81.0.4044.92 Safari/537.36"
::ffff:157.39.21.203 - - [18/Apr/2020:09:46:28 +0000] "GET /web_assets/assets/css/bootstrap.min.css HTTP/1.1" 304 - "http://13.58.125.166:3000/insurance/1" "Mozilla/5.0 (Windows NT 10.0; Win64; x64) AppleWebKit/537.36 (KHTML, like Gecko) Chrome/80.0.3987.163 Safari/537.36"
::ffff:157.39.21.203 - - [18/Apr/2020:09:46:28 +0000] "GET /web_assets/assets/css/slick.css HTTP/1.1" 304 - "http://13.58.125.166:3000/insurance/1" "Mozilla/5.0 (Windows NT 10.0; Win64; x64) AppleWebKit/537.36 (KHTML, like Gecko) Chrome/80.0.3987.163 Safari/537.36"
::ffff:157.39.21.203 - - [18/Apr/2020:09:46:28 +0000] "GET /web_assets/assets/css/slick-theme.css HTTP/1.1" 304 - "http://13.58.125.166:3000/insurance/1" "Mozilla/5.0 (Windows NT 10.0; Win64; x64) AppleWebKit/537.36 (KHTML, like Gecko) Chrome/80.0.3987.163 Safari/537.36"
::ffff:157.39.21.203 - - [18/Apr/2020:09:46:28 +0000] "GET /web_assets/assets/fonts/fonts.css HTTP/1.1" 304 - "http://13.58.125.166:3000/insurance/1" "Mozilla/5.0 (Windows NT 10.0; Win64; x64) AppleWebKit/537.36 (KHTML, like Gecko) Chrome/80.0.3987.163 Safari/537.36"
::ffff:157.39.21.203 - - [18/Apr/2020:09:46:28 +0000] "GET /web_assets/assets/css/material-form.css HTTP/1.1" 304 - "http://13.58.125.166:3000/insurance/1" "Mozilla/5.0 (Windows NT 10.0; Win64; x64) AppleWebKit/537.36 (KHTML, like Gecko) Chrome/80.0.3987.163 Safari/537.36"
::ffff:157.39.21.203 - - [18/Apr/2020:09:46:28 +0000] "GET /web_assets/assets/css/custom-2.css HTTP/1.1" 304 - "http://13.58.125.166:3000/insurance/1" "Mozilla/5.0 (Windows NT 10.0; Win64; x64) AppleWebKit/537.36 (KHTML, like Gecko) Chrome/80.0.3987.163 Safari/537.36"
::ffff:157.39.21.203 - - [18/Apr/2020:09:46:28 +0000] "GET /web_assets/assets/css/responsive.css HTTP/1.1" 304 - "http://13.58.125.166:3000/insurance/1" "Mozilla/5.0 (Windows NT 10.0; Win64; x64) AppleWebKit/537.36 (KHTML, like Gecko) Chrome/80.0.3987.163 Safari/537.36"
::ffff:157.39.21.203 - - [18/Apr/2020:09:46:28 +0000] "GET /web_assets/assets/js/bootstrap.min.js.map HTTP/1.1" 404 180 "-" "Mozilla/5.0 (Windows NT 10.0; Win64; x64) AppleWebKit/537.36 (KHTML, like Gecko) Chrome/80.0.3987.163 Safari/537.36"
::ffff:157.39.21.203 - - [18/Apr/2020:09:46:29 +0000] "GET /web_assets/assets/css/bootstrap.min.css.map HTTP/1.1" 404 182 "-" "Mozilla/5.0 (Windows NT 10.0; Win64; x64) AppleWebKit/537.36 (KHTML, like Gecko) Chrome/80.0.3987.163 Safari/537.36"
::ffff:169.149.248.41 - - [18/Apr/2020:09:52:56 +0000] "GET / HTTP/1.1" 304 - "-" "Mozilla/5.0 (Macintosh; Intel Mac OS X 10_14_6) AppleWebKit/605.1.15 (KHTML, like Gecko) Version/13.1 Safari/605.1.15"
::ffff:169.149.248.41 - - [18/Apr/2020:09:52:57 +0000] "GET /web_assets/assets/css/slick.css HTTP/1.1" 304 - "http://13.58.125.166:3000/" "Mozilla/5.0 (Macintosh; Intel Mac OS X 10_14_6) AppleWebKit/605.1.15 (KHTML, like Gecko) Version/13.1 Safari/605.1.15"
::ffff:169.149.248.41 - - [18/Apr/2020:09:52:58 +0000] "GET /web_assets/assets/css/bootstrap.min.css HTTP/1.1" 304 - "http://13.58.125.166:3000/" "Mozilla/5.0 (Macintosh; Intel Mac OS X 10_14_6) AppleWebKit/605.1.15 (KHTML, like Gecko) Version/13.1 Safari/605.1.15"
::ffff:169.149.248.41 - - [18/Apr/2020:09:52:58 +0000] "GET /web_assets/assets/css/slick-theme.css HTTP/1.1" 304 - "http://13.58.125.166:3000/" "Mozilla/5.0 (Macintosh; Intel Mac OS X 10_14_6) AppleWebKit/605.1.15 (KHTML, like Gecko) Version/13.1 Safari/605.1.15"
::ffff:169.149.192.241 - - [18/Apr/2020:09:52:58 +0000] "GET /web_assets/assets/fonts/fonts.css HTTP/1.1" 304 - "http://13.58.125.166:3000/" "Mozilla/5.0 (Macintosh; Intel Mac OS X 10_14_6) AppleWebKit/605.1.15 (KHTML, like Gecko) Version/13.1 Safari/605.1.15"
::ffff:169.149.192.241 - - [18/Apr/2020:09:52:58 +0000] "GET /web_assets/assets/css/material-form.css HTTP/1.1" 304 - "http://13.58.125.166:3000/" "Mozilla/5.0 (Macintosh; Intel Mac OS X 10_14_6) AppleWebKit/605.1.15 (KHTML, like Gecko) Version/13.1 Safari/605.1.15"
::ffff:169.149.192.241 - - [18/Apr/2020:09:52:58 +0000] "GET /web_assets/assets/css/custom-2.css HTTP/1.1" 304 - "http://13.58.125.166:3000/" "Mozilla/5.0 (Macintosh; Intel Mac OS X 10_14_6) AppleWebKit/605.1.15 (KHTML, like Gecko) Version/13.1 Safari/605.1.15"
::ffff:117.97.224.156 - - [18/Apr/2020:09:52:58 +0000] "GET / HTTP/1.1" 304 - "-" "Mozilla/5.0 (Windows NT 10.0; Win64; x64) AppleWebKit/537.36 (KHTML, like Gecko) Chrome/81.0.4044.92 Safari/537.36"
::ffff:169.149.248.41 - - [18/Apr/2020:09:52:59 +0000] "GET /web_assets/assets/css/responsive.css HTTP/1.1" 304 - "http://13.58.125.166:3000/" "Mozilla/5.0 (Macintosh; Intel Mac OS X 10_14_6) AppleWebKit/605.1.15 (KHTML, like Gecko) Version/13.1 Safari/605.1.15"
::ffff:169.149.248.41 - - [18/Apr/2020:09:52:59 +0000] "GET /web_assets/assets/js/jquery-1.9.1.min.js HTTP/1.1" 304 - "http://13.58.125.166:3000/" "Mozilla/5.0 (Macintosh; Intel Mac OS X 10_14_6) AppleWebKit/605.1.15 (KHTML, like Gecko) Version/13.1 Safari/605.1.15"
::ffff:169.149.248.41 - - [18/Apr/2020:09:52:59 +0000] "GET /web_assets/assets/js/bootstrap.min.js HTTP/1.1" 304 - "http://13.58.125.166:3000/" "Mozilla/5.0 (Macintosh; Intel Mac OS X 10_14_6) AppleWebKit/605.1.15 (KHTML, like Gecko) Version/13.1 Safari/605.1.15"
::ffff:169.149.192.241 - - [18/Apr/2020:09:52:59 +0000] "GET /web_assets/assets/js/slick.min.js HTTP/1.1" 304 - "http://13.58.125.166:3000/" "Mozilla/5.0 (Macintosh; Intel Mac OS X 10_14_6) AppleWebKit/605.1.15 (KHTML, like Gecko) Version/13.1 Safari/605.1.15"
::ffff:169.149.192.241 - - [18/Apr/2020:09:52:59 +0000] "GET /web_assets/assets/js/custom.js HTTP/1.1" 304 - "http://13.58.125.166:3000/" "Mozilla/5.0 (Macintosh; Intel Mac OS X 10_14_6) AppleWebKit/605.1.15 (KHTML, like Gecko) Version/13.1 Safari/605.1.15"
::ffff:169.149.192.241 - - [18/Apr/2020:09:52:59 +0000] "GET /web_assets/assets/js/material-form.js HTTP/1.1" 304 - "http://13.58.125.166:3000/" "Mozilla/5.0 (Macintosh; Intel Mac OS X 10_14_6) AppleWebKit/605.1.15 (KHTML, like Gecko) Version/13.1 Safari/605.1.15"
::ffff:117.97.224.156 - - [18/Apr/2020:09:53:00 +0000] "GET /web_assets/assets/css/slick.css HTTP/1.1" 304 - "http://13.58.125.166:3000/" "Mozilla/5.0 (Windows NT 10.0; Win64; x64) AppleWebKit/537.36 (KHTML, like Gecko) Chrome/81.0.4044.92 Safari/537.36"
::ffff:117.97.224.156 - - [18/Apr/2020:09:53:00 +0000] "GET /web_assets/assets/css/bootstrap.min.css HTTP/1.1" 304 - "http://13.58.125.166:3000/" "Mozilla/5.0 (Windows NT 10.0; Win64; x64) AppleWebKit/537.36 (KHTML, like Gecko) Chrome/81.0.4044.92 Safari/537.36"
::ffff:117.97.224.156 - - [18/Apr/2020:09:53:00 +0000] "GET /web_assets/assets/css/slick-theme.css HTTP/1.1" 304 - "http://13.58.125.166:3000/" "Mozilla/5.0 (Windows NT 10.0; Win64; x64) AppleWebKit/537.36 (KHTML, like Gecko) Chrome/81.0.4044.92 Safari/537.36"
::ffff:117.97.224.156 - - [18/Apr/2020:09:53:00 +0000] "GET /web_assets/assets/fonts/fonts.css HTTP/1.1" 304 - "http://13.58.125.166:3000/" "Mozilla/5.0 (Windows NT 10.0; Win64; x64) AppleWebKit/537.36 (KHTML, like Gecko) Chrome/81.0.4044.92 Safari/537.36"
::ffff:117.97.224.156 - - [18/Apr/2020:09:53:00 +0000] "GET /web_assets/assets/css/material-form.css HTTP/1.1" 304 - "http://13.58.125.166:3000/" "Mozilla/5.0 (Windows NT 10.0; Win64; x64) AppleWebKit/537.36 (KHTML, like Gecko) Chrome/81.0.4044.92 Safari/537.36"
::ffff:117.97.224.156 - - [18/Apr/2020:09:53:00 +0000] "GET /web_assets/assets/css/custom-2.css HTTP/1.1" 304 - "http://13.58.125.166:3000/" "Mozilla/5.0 (Windows NT 10.0; Win64; x64) AppleWebKit/537.36 (KHTML, like Gecko) Chrome/81.0.4044.92 Safari/537.36"
::ffff:117.97.224.156 - - [18/Apr/2020:09:53:00 +0000] "GET /web_assets/assets/css/responsive.css HTTP/1.1" 304 - "http://13.58.125.166:3000/" "Mozilla/5.0 (Windows NT 10.0; Win64; x64) AppleWebKit/537.36 (KHTML, like Gecko) Chrome/81.0.4044.92 Safari/537.36"
::ffff:117.97.224.156 - - [18/Apr/2020:09:53:00 +0000] "GET /web_assets/assets/js/jquery-1.9.1.min.js HTTP/1.1" 304 - "http://13.58.125.166:3000/" "Mozilla/5.0 (Windows NT 10.0; Win64; x64) AppleWebKit/537.36 (KHTML, like Gecko) Chrome/81.0.4044.92 Safari/537.36"
::ffff:117.97.224.156 - - [18/Apr/2020:09:53:00 +0000] "GET /web_assets/assets/js/bootstrap.min.js HTTP/1.1" 304 - "http://13.58.125.166:3000/" "Mozilla/5.0 (Windows NT 10.0; Win64; x64) AppleWebKit/537.36 (KHTML, like Gecko) Chrome/81.0.4044.92 Safari/537.36"
::ffff:117.97.224.156 - - [18/Apr/2020:09:53:00 +0000] "GET /web_assets/assets/js/slick.min.js HTTP/1.1" 304 - "http://13.58.125.166:3000/" "Mozilla/5.0 (Windows NT 10.0; Win64; x64) AppleWebKit/537.36 (KHTML, like Gecko) Chrome/81.0.4044.92 Safari/537.36"
::ffff:117.97.224.156 - - [18/Apr/2020:09:53:00 +0000] "GET /web_assets/assets/js/custom.js HTTP/1.1" 304 - "http://13.58.125.166:3000/" "Mozilla/5.0 (Windows NT 10.0; Win64; x64) AppleWebKit/537.36 (KHTML, like Gecko) Chrome/81.0.4044.92 Safari/537.36"
::ffff:117.97.224.156 - - [18/Apr/2020:09:53:00 +0000] "GET /web_assets/assets/js/material-form.js HTTP/1.1" 304 - "http://13.58.125.166:3000/" "Mozilla/5.0 (Windows NT 10.0; Win64; x64) AppleWebKit/537.36 (KHTML, like Gecko) Chrome/81.0.4044.92 Safari/537.36"
::ffff:117.97.224.156 - - [18/Apr/2020:09:53:00 +0000] "GET /web_assets/assets/img/logo.png HTTP/1.1" 304 - "http://13.58.125.166:3000/" "Mozilla/5.0 (Windows NT 10.0; Win64; x64) AppleWebKit/537.36 (KHTML, like Gecko) Chrome/81.0.4044.92 Safari/537.36"
::ffff:117.97.224.156 - - [18/Apr/2020:09:53:00 +0000] "GET /web_assets/assets/js/validation.js HTTP/1.1" 304 - "http://13.58.125.166:3000/" "Mozilla/5.0 (Windows NT 10.0; Win64; x64) AppleWebKit/537.36 (KHTML, like Gecko) Chrome/81.0.4044.92 Safari/537.36"
::ffff:117.97.224.156 - - [18/Apr/2020:09:53:00 +0000] "GET /web_assets/assets/img/green-img/icon-green-6.png HTTP/1.1" 304 - "http://13.58.125.166:3000/" "Mozilla/5.0 (Windows NT 10.0; Win64; x64) AppleWebKit/537.36 (KHTML, like Gecko) Chrome/81.0.4044.92 Safari/537.36"
::ffff:117.97.224.156 - - [18/Apr/2020:09:53:00 +0000] "GET /web_assets/assets/img/green-img/icon-green-7.png HTTP/1.1" 304 - "http://13.58.125.166:3000/" "Mozilla/5.0 (Windows NT 10.0; Win64; x64) AppleWebKit/537.36 (KHTML, like Gecko) Chrome/81.0.4044.92 Safari/537.36"
::ffff:117.97.224.156 - - [18/Apr/2020:09:53:00 +0000] "GET /web_assets/assets/img/green-img/icon-green-8.png HTTP/1.1" 304 - "http://13.58.125.166:3000/" "Mozilla/5.0 (Windows NT 10.0; Win64; x64) AppleWebKit/537.36 (KHTML, like Gecko) Chrome/81.0.4044.92 Safari/537.36"
::ffff:117.97.224.156 - - [18/Apr/2020:09:53:00 +0000] "GET /web_assets/assets/img/green-img/icon-green-9.png HTTP/1.1" 304 - "http://13.58.125.166:3000/" "Mozilla/5.0 (Windows NT 10.0; Win64; x64) AppleWebKit/537.36 (KHTML, like Gecko) Chrome/81.0.4044.92 Safari/537.36"
::ffff:117.97.224.156 - - [18/Apr/2020:09:53:00 +0000] "GET /web_assets/assets/img/green-img/icon-green-10.png HTTP/1.1" 304 - "http://13.58.125.166:3000/" "Mozilla/5.0 (Windows NT 10.0; Win64; x64) AppleWebKit/537.36 (KHTML, like Gecko) Chrome/81.0.4044.92 Safari/537.36"
::ffff:117.97.224.156 - - [18/Apr/2020:09:53:00 +0000] "GET /web_assets/assets/img/green-img/icon-green-13.png HTTP/1.1" 304 - "http://13.58.125.166:3000/" "Mozilla/5.0 (Windows NT 10.0; Win64; x64) AppleWebKit/537.36 (KHTML, like Gecko) Chrome/81.0.4044.92 Safari/537.36"
::ffff:117.97.224.156 - - [18/Apr/2020:09:53:00 +0000] "GET /web_assets/assets/img/green-img/icon-green-5.png HTTP/1.1" 304 - "http://13.58.125.166:3000/" "Mozilla/5.0 (Windows NT 10.0; Win64; x64) AppleWebKit/537.36 (KHTML, like Gecko) Chrome/81.0.4044.92 Safari/537.36"
::ffff:117.97.224.156 - - [18/Apr/2020:09:53:01 +0000] "GET /web_assets/assets/img/green-img/icon-green-11.png HTTP/1.1" 304 - "http://13.58.125.166:3000/" "Mozilla/5.0 (Windows NT 10.0; Win64; x64) AppleWebKit/537.36 (KHTML, like Gecko) Chrome/81.0.4044.92 Safari/537.36"
::ffff:117.97.224.156 - - [18/Apr/2020:09:53:01 +0000] "GET /web_assets/assets/img/green-img/icon-green-2.png HTTP/1.1" 304 - "http://13.58.125.166:3000/" "Mozilla/5.0 (Windows NT 10.0; Win64; x64) AppleWebKit/537.36 (KHTML, like Gecko) Chrome/81.0.4044.92 Safari/537.36"
::ffff:117.97.224.156 - - [18/Apr/2020:09:53:01 +0000] "GET /web_assets/assets/img/green-img/icon-green-1.png HTTP/1.1" 304 - "http://13.58.125.166:3000/" "Mozilla/5.0 (Windows NT 10.0; Win64; x64) AppleWebKit/537.36 (KHTML, like Gecko) Chrome/81.0.4044.92 Safari/537.36"
::ffff:117.97.224.156 - - [18/Apr/2020:09:53:01 +0000] "GET /web_assets/assets/img/green-img/icon-green-4.png HTTP/1.1" 304 - "http://13.58.125.166:3000/" "Mozilla/5.0 (Windows NT 10.0; Win64; x64) AppleWebKit/537.36 (KHTML, like Gecko) Chrome/81.0.4044.92 Safari/537.36"
::ffff:117.97.224.156 - - [18/Apr/2020:09:53:01 +0000] "GET /web_assets/assets/img/blog-1.jpg HTTP/1.1" 304 - "http://13.58.125.166:3000/" "Mozilla/5.0 (Windows NT 10.0; Win64; x64) AppleWebKit/537.36 (KHTML, like Gecko) Chrome/81.0.4044.92 Safari/537.36"
::ffff:117.97.224.156 - - [18/Apr/2020:09:53:01 +0000] "GET /web_assets/assets/css/ajax-loader.gif HTTP/1.1" 404 176 "http://13.58.125.166:3000/web_assets/assets/css/slick-theme.css" "Mozilla/5.0 (Windows NT 10.0; Win64; x64) AppleWebKit/537.36 (KHTML, like Gecko) Chrome/81.0.4044.92 Safari/537.36"
::ffff:169.149.248.41 - - [18/Apr/2020:09:53:01 +0000] "GET /web_assets/assets/js/validation.js HTTP/1.1" 200 51360 "http://13.58.125.166:3000/" "Mozilla/5.0 (Macintosh; Intel Mac OS X 10_14_6) AppleWebKit/605.1.15 (KHTML, like Gecko) Version/13.1 Safari/605.1.15"
::ffff:169.149.248.41 - - [18/Apr/2020:09:53:01 +0000] "GET /web_assets/assets/img/logo.png HTTP/1.1" 304 - "http://13.58.125.166:3000/" "Mozilla/5.0 (Macintosh; Intel Mac OS X 10_14_6) AppleWebKit/605.1.15 (KHTML, like Gecko) Version/13.1 Safari/605.1.15"
::ffff:169.149.248.41 - - [18/Apr/2020:09:53:01 +0000] "GET /web_assets/assets/img/green-img/icon-green-8.png HTTP/1.1" 304 - "http://13.58.125.166:3000/" "Mozilla/5.0 (Macintosh; Intel Mac OS X 10_14_6) AppleWebKit/605.1.15 (KHTML, like Gecko) Version/13.1 Safari/605.1.15"
::ffff:117.97.224.156 - - [18/Apr/2020:09:53:01 +0000] "GET /web_assets/assets/css/fonts/slick.woff HTTP/1.1" 404 177 "http://13.58.125.166:3000/web_assets/assets/css/slick-theme.css" "Mozilla/5.0 (Windows NT 10.0; Win64; x64) AppleWebKit/537.36 (KHTML, like Gecko) Chrome/81.0.4044.92 Safari/537.36"
::ffff:169.149.192.241 - - [18/Apr/2020:09:53:02 +0000] "GET /web_assets/assets/img/green-img/icon-green-13.png HTTP/1.1" 304 - "http://13.58.125.166:3000/" "Mozilla/5.0 (Macintosh; Intel Mac OS X 10_14_6) AppleWebKit/605.1.15 (KHTML, like Gecko) Version/13.1 Safari/605.1.15"
::ffff:117.97.224.156 - - [18/Apr/2020:09:53:02 +0000] "GET /web_assets/assets/css/fonts/slick.ttf HTTP/1.1" 404 176 "http://13.58.125.166:3000/web_assets/assets/css/slick-theme.css" "Mozilla/5.0 (Windows NT 10.0; Win64; x64) AppleWebKit/537.36 (KHTML, like Gecko) Chrome/81.0.4044.92 Safari/537.36"
